../Core/Src/main.c:168:5:main	8	static
../Core/Src/main.c:241:6:SystemClock_Config	88	static
../Core/Src/main.c:288:13:MX_ADC1_Init	24	static
../Core/Src/main.c:347:13:MX_DMA_Init	16	static
../Core/Src/main.c:365:13:MX_GPIO_Init	56	static
../Core/Src/main.c:519:6:HAL_ADC_ConvHalfCpltCallback	16	static
../Core/Src/main.c:524:6:HAL_ADC_ConvCpltCallback	16	static
../Core/Src/main.c:529:6:inicio	8	static
../Core/Src/main.c:540:6:apagarTodos	8	static
../Core/Src/main.c:550:6:encenderTodos	8	static
../Core/Src/main.c:559:6:promediar	32	static
../Core/Src/main.c:583:6:mostrarNtc	8	static
../Core/Src/main.c:622:6:mostrarPot	8	static
../Core/Src/main.c:655:6:mostrar	8	static
../Core/Src/main.c:674:6:Error_Handler	4	static,ignoring_inline_asm
